
== GAME RULES ==
Sarted at:				15:54:08.913
Number of decks:			6
Continous reshuffling (between rounds):	False
Split allowed:				True
Double down allowed:			True
Surrender allowed:			True
Dealer HIT on soft 17:			True
Shoe penetration:			75%
BJ payout:				1.5
Surrender cost:				0.5
Seed:					1367595670


== TRAINING RULES ==
Sarted at:			15:54:08.939
Number of episodes:		10.000.000
Epsilon(ε) range:		[1 - 0.001]
Epsilon decay target ratio:	0.95
- Rewards -
Win/Lose:			+/-1
Push:				+/-0
Double down:			+/-2
BlackJack:			+1.5
Surrender:			-0.5

Progress: 0% | Policy change rate: 0.00%Progress: 10% | Policy change rate: 0.00%Progress: 20% | Policy change rate: 8.55%Progress: 30% | Policy change rate: 3.42%Progress: 40% | Policy change rate: 4.70%Progress: 50% | Policy change rate: 2.99%Progress: 60% | Policy change rate: 1.50%Progress: 70% | Policy change rate: 1.92%Progress: 80% | Policy change rate: 1.07%Progress: 90% | Policy change rate: 1.07%Progress: 100% | Policy change rate: 0.43%

== SUMMARY ==
Ended at:		15:55:04.426
Policy files path:	exported-policies\019d58c6-9c2e-76ac-ae19-0cdf8c5e3881

